******************************************************************************
          TMS320C6x COFF Linker PC v5.1.0                      
******************************************************************************
>> Linked Tue May 29 07:31:45 2007

OUTPUT FILE NAME:   <./Debug/rtdx_matlabFIR.out>
ENTRY POINT SYMBOL: "_c_int00"  address: 80002ae0


MEMORY CONFIGURATION

                  name            origin    length      used    attr    fill
         ----------------------  --------  ---------  --------  ----  --------
         VECS                    00000000   00000200  00000200  RWIX
         PMEM                    00000200   0000fe00  0000000c  RWIX
         BMEM                    80000000   01000000  00003e8a  RWIX


SECTION ALLOCATION MAP

 output                                  attributes/
section   page    origin      length       input sections
--------  ----  ----------  ----------   ----------------
.cio       0    80000000    00000000     UNINITIALIZED

.const     0    80000000    00000000     UNINITIALIZED

.data      0    80000000    00000000     UNINITIALIZED

.sysmem    0    80000000    00000000     UNINITIALIZED

.rtdx_text 
*          0    80000000    000010a0     
                  80000000    00000700     rtdx.lib : rtdx_mon.o62 (.rtdx_text)
                  80000700    00000580              : buffer1.o62 (.rtdx_text)
                  80000c80    000002a0              : rtdx_usr1.o62 (.rtdx_text)
                  80000f20    00000140              : intrpt_stub.o62 (.rtdx_text)
                  80001060    00000040              : intr_tgt.o62 (.rtdx_text)

.stack     0    800010a0    00001000     UNINITIALIZED
                  800010a0    00000008     rts6700.lib : boot.obj (.stack)

.text      0    800020a0    00000b40     
                  800020a0    000003c0     FIR3LP_RTDX.obj (.text)
                  80002460    00000240     rts6700.lib : memcpy62.obj (.text:_memcpy)
                  800026a0    00000140                 : exit.obj (.text:_exit)
                  800027e0    00000140                 : autoinit.obj (.text:__auto_init)
                  80002920    000000e0                 : rand.obj (.text:_rand)
                  80002a00    000000e0                 : exit.obj (.text:_atexit)
                  80002ae0    00000080                 : boot.obj (.text:_c_int00)
                  80002b60    00000040                 : args_main.obj (.text:__args_main)
                  80002ba0    00000020                 : _lock.obj (.text:__nop)
                  80002bc0    00000020                 : exit.obj (.text:_abort)

.rtdx_data 
*          0    80002be0    000009a4     UNINITIALIZED
                  80002be0    00000968     rtdx_buf.obj (.rtdx_data)
                  80003548    00000020     rtdx.lib : buffer1.o62 (.rtdx_data)
                  80003568    0000001c              : rtdx_mon.o62 (.rtdx_data)

.far       0    80003588    000006d8     UNINITIALIZED
                  80003588    0000063c     FIR3LP_RTDX.obj (.far)
                  80003bc4    0000008c     rts6700.lib : exit.obj (.far)
                  80003c50    00000008                 : rand.obj (.far)
                  80003c58    00000008                 : _lock.obj (.far)

.cinit     0    80003c60    000001f4     
                  80003c60    0000015c     FIR3LP_RTDX.obj (.cinit)
                  80003dbc    00000004     --HOLE-- [fill = 0]
                  80003dc0    0000002c     rts6700.lib : exit.obj (.cinit)
                  80003dec    00000004     --HOLE-- [fill = 0]
                  80003df0    0000001c     rtdx_buf.obj (.cinit)
                  80003e0c    00000004     --HOLE-- [fill = 0]
                  80003e10    0000001c     rts6700.lib : _lock.obj (.cinit)
                  80003e2c    00000004     --HOLE-- [fill = 0]
                  80003e30    00000010                 : rand.obj (.cinit)
                  80003e40    0000000c     rtdx.lib : buffer1.o62 (.cinit)
                  80003e4c    00000008     --HOLE-- [fill = 0]

.switch    0    80003e54    00000028     
                  80003e54    00000028     rtdx.lib : rtdx_mon.o62 (.switch)

.bss       0    80003e7c    00000012     UNINITIALIZED
                  80003e7c    00000012     FIR3LP_RTDX.obj (.bss)

.intvecs   0    00000000    00000200     
                  00000000    00000200     intvecs.obj (.intvecs)

.pinit     0    00000200    0000000c     
                  00000200    00000004     rtdx.lib : rtdx_mon.o62 (.pinit)
                  00000204    00000004              : buffer1.o62 (.pinit)
                  00000208    00000004     --HOLE-- [fill = 0]


GLOBAL SYMBOLS: SORTED ALPHABETICALLY BY Name 

address    name
--------   ----
80003e7c   $bss
80003e7c   .bss
80000000   .data
800020a0   .text
00000040   AINT_V
80002bc0   C$$EXIT
00000140   INT10_V
00000160   INT11_V
00000180   INT12_V
000001a0   INT13_V
000001c0   INT14_V
000001e0   INT15_V
00000080   INT4_V
000000a0   INT5_V
000000c0   INT6_V
000000e0   INT7_V
00000100   INT8_V
00000120   INT9_V
00000060   MSGINT_V
00000020   NMI_V
00000000   RESET_V
00000001   RTDX_NORMALIZED_HDR
80000f20   RTEMU_exe
80000f20   RTEMU_msg
00000000   _HWI_Cache_Control
80002be0   _RTDX_Buffer
80003544   _RTDX_Buffer_End
80000700   _RTDX_Buffer_Initialize
80000c28   _RTDX_Buffer_Read
80003540   _RTDX_Buffer_Start
80000a00   _RTDX_Buffer_Write
800000a8   _RTDX_Final_RT_Monitor
80000c80   _RTDX_Init
80000020   _RTDX_Init_RT_Monitor
800000d0   _RTDX_IsFlowEnabled
00000002   _RTDX_JTAGONLY
80001060   _RTDX_Mask_IER
80000598   _RTDX_Mon_Queue
80000ef4   _RTDX_OnReadIsDone
800000e4   _RTDX_Poll
80000cb0   _RTDX_Quit
80001078   _RTDX_Set_IER
80000f04   _RTDX_channelBusy
80000cf8   _RTDX_disableInput
80000cd0   _RTDX_disableOutput
80000ce0   _RTDX_enableInput
80000cc0   _RTDX_enableOutput
ffffe7f7   _RTDX_interrupt_mask
80000d64   _RTDX_read
80000e40   _RTDX_readNB
80000f14   _RTDX_sizeofInput
80000d08   _RTDX_write
80003554   _RTDX_writing
00001000   __STACK_SIZE
ffffffff   ___binit__
80003e7c   ___bss__
ffffffff   ___c_args__
80003c60   ___cinit__
80000000   ___data__
80000000   ___edata__
80003e8e   ___end__
80002be0   ___etext__
00000200   ___pinit__
800020a0   ___text__
80002b60   __args_main
800027e0   __auto_init
80003c48   __cleanup_ptr
80003c4c   __dtors_ptr
80000fc0   __irest_tn
80003c58   __lock
80002ba0   __nop
800010a0   __stack
80003c5c   __unlock
UNDEFED __vectors
80002bc0   _abort
80003e82   _amplitude
80002a00   _atexit
UNDEFED _auto_init
800037b4   _buffer
80002ae0   _c_int00
8000362c   _dly
800026a0   _exit
800036d0   _h
80003588   _hlp600
80003bb4   _ichan
80003e84   _inputsample
80003e8c   _j
80003e80   _loop
800020a0   _main
80002460   _memcpy
80003bc0   _ochan
80003e88   _outputsample
80002920   _rand
80003548   _rtdx_buffer_state
80003568   _rtdx_mon_state
80003774   _sine_table
80003e7c   _yn
ffffffff   binit
80003c60   cinit
80000000   edata
80003e8e   end
80002be0   etext
00000200   pinit


GLOBAL SYMBOLS: SORTED BY Symbol Address 

address    name
--------   ----
00000000   RESET_V
00000000   _HWI_Cache_Control
00000001   RTDX_NORMALIZED_HDR
00000002   _RTDX_JTAGONLY
00000020   NMI_V
00000040   AINT_V
00000060   MSGINT_V
00000080   INT4_V
000000a0   INT5_V
000000c0   INT6_V
000000e0   INT7_V
00000100   INT8_V
00000120   INT9_V
00000140   INT10_V
00000160   INT11_V
00000180   INT12_V
000001a0   INT13_V
000001c0   INT14_V
000001e0   INT15_V
00000200   pinit
00000200   ___pinit__
00001000   __STACK_SIZE
80000000   ___data__
80000000   ___edata__
80000000   edata
80000000   .data
80000020   _RTDX_Init_RT_Monitor
800000a8   _RTDX_Final_RT_Monitor
800000d0   _RTDX_IsFlowEnabled
800000e4   _RTDX_Poll
80000598   _RTDX_Mon_Queue
80000700   _RTDX_Buffer_Initialize
80000a00   _RTDX_Buffer_Write
80000c28   _RTDX_Buffer_Read
80000c80   _RTDX_Init
80000cb0   _RTDX_Quit
80000cc0   _RTDX_enableOutput
80000cd0   _RTDX_disableOutput
80000ce0   _RTDX_enableInput
80000cf8   _RTDX_disableInput
80000d08   _RTDX_write
80000d64   _RTDX_read
80000e40   _RTDX_readNB
80000ef4   _RTDX_OnReadIsDone
80000f04   _RTDX_channelBusy
80000f14   _RTDX_sizeofInput
80000f20   RTEMU_exe
80000f20   RTEMU_msg
80000fc0   __irest_tn
80001060   _RTDX_Mask_IER
80001078   _RTDX_Set_IER
800010a0   __stack
800020a0   _main
800020a0   ___text__
800020a0   .text
80002460   _memcpy
800026a0   _exit
800027e0   __auto_init
80002920   _rand
80002a00   _atexit
80002ae0   _c_int00
80002b60   __args_main
80002ba0   __nop
80002bc0   _abort
80002bc0   C$$EXIT
80002be0   _RTDX_Buffer
80002be0   etext
80002be0   ___etext__
80003540   _RTDX_Buffer_Start
80003544   _RTDX_Buffer_End
80003548   _rtdx_buffer_state
80003554   _RTDX_writing
80003568   _rtdx_mon_state
80003588   _hlp600
8000362c   _dly
800036d0   _h
80003774   _sine_table
800037b4   _buffer
80003bb4   _ichan
80003bc0   _ochan
80003c48   __cleanup_ptr
80003c4c   __dtors_ptr
80003c58   __lock
80003c5c   __unlock
80003c60   ___cinit__
80003c60   cinit
80003e7c   $bss
80003e7c   _yn
80003e7c   ___bss__
80003e7c   .bss
80003e80   _loop
80003e82   _amplitude
80003e84   _inputsample
80003e88   _outputsample
80003e8c   _j
80003e8e   end
80003e8e   ___end__
ffffe7f7   _RTDX_interrupt_mask
ffffffff   ___c_args__
ffffffff   ___binit__
UNDEFED __vectors
ffffffff   binit
UNDEFED _auto_init

[103 symbols]
