******************************************************************************
          TMS320C6x COFF Linker PC Version 4.32                
******************************************************************************
>> Linked Sat Dec 20 22:51:12 2003

OUTPUT FILE NAME:   <./Debug/EMIF.out>
ENTRY POINT SYMBOL: "_c_int00"  address: 00000780


MEMORY CONFIGURATION

                  name            origin    length      used    attr    fill
         ----------------------  --------  ---------  --------  ----  --------
         IVECS                   00000000   00000220  00000000  RWIX
         IRAM                    00000220   0002fde0  00000b3c  RWIX
         SRAM_EXT                80000000   01000000  00000000  RWIX
         FLASH                   90000000   00020000  00000000  RWIX


SECTION ALLOCATION MAP

 output                                  attributes/
section   page    origin      length       input sections
--------  ----  ----------  ----------   ----------------
.vecs      0    00000000    00000000     UNINITIALIZED

.data      0    00000000    00000000     UNINITIALIZED

.sysmem    0    00000220    00000000     UNINITIALIZED

.switch    0    00000220    00000000     UNINITIALIZED

.cio       0    00000220    00000000     UNINITIALIZED

.const     0    00000220    00000000     UNINITIALIZED

.csldata   0    00000220    00000000     UNINITIALIZED

.text      0    00000220    00000640     
                  00000220    00000240     rts6700.lib : memcpy62.obj (.text)
                  00000460    00000220                 : exit.obj (.text)
                  00000680    00000100                 : autoinit.obj (.text)
                  00000780    00000080                 : boot.obj (.text)
                  00000800    00000040                 : _lock.obj (.text)
                  00000840    00000020     EMIF.obj (.text)

.bss       0    00000860    00000004     UNINITIALIZED
                  00000860    00000004     EMIF.obj (.bss:c)

.cinit     0    00000868    00000064     
                  00000868    0000002c     rts6700.lib : exit.obj (.cinit)
                  00000894    00000004     --HOLE-- [fill = 0]
                  00000898    0000001c                 : _lock.obj (.cinit)
                  000008b4    00000004     --HOLE-- [fill = 0]
                  000008b8    0000000c     EMIF.obj (.cinit:c)
                  000008c4    00000008     --HOLE-- [fill = 0]

.stack     0    000008d0    00000400     UNINITIALIZED
                  000008d0    00000008     rts6700.lib : boot.obj (.stack)

.far       0    00000cd0    00000094     UNINITIALIZED
                  00000cd0    0000008c     rts6700.lib : exit.obj (.far)
                  00000d5c    00000008                 : _lock.obj (.far)


GLOBAL SYMBOLS: SORTED ALPHABETICALLY BY Name 

address    name
--------   ----
00000860   $bss
00000860   .bss
00000000   .data
00000220   .text
00000674   C$$EXIT
00000400   __STACK_SIZE
00000860   ___bss__
00000868   ___cinit__
00000000   ___data__
00000000   ___edata__
00000864   ___end__
00000860   ___etext__
ffffffff   ___pinit__
00000220   ___text__
00000680   __auto_init
00000d54   __cleanup_ptr
00000d58   __dtors_ptr
00000d5c   __lock
00000800   __nop
00000808   __register_lock
0000081c   __register_unlock
000008d0   __stack
00000d60   __unlock
00000674   _abort
00000598   _atexit
00000780   _c_int00
00000460   _exit
00000840   _main
00000220   _memcpy
00000860   _output
00000868   cinit
00000000   edata
00000864   end
00000860   etext
ffffffff   pinit


GLOBAL SYMBOLS: SORTED BY Symbol Address 

address    name
--------   ----
00000000   .data
00000000   edata
00000000   ___data__
00000000   ___edata__
00000220   ___text__
00000220   _memcpy
00000220   .text
00000400   __STACK_SIZE
00000460   _exit
00000598   _atexit
00000674   C$$EXIT
00000674   _abort
00000680   __auto_init
00000780   _c_int00
00000800   __nop
00000808   __register_lock
0000081c   __register_unlock
00000840   _main
00000860   .bss
00000860   ___bss__
00000860   etext
00000860   $bss
00000860   _output
00000860   ___etext__
00000864   end
00000864   ___end__
00000868   cinit
00000868   ___cinit__
000008d0   __stack
00000d54   __cleanup_ptr
00000d58   __dtors_ptr
00000d5c   __lock
00000d60   __unlock
ffffffff   pinit
ffffffff   ___pinit__

[35 symbols]
