******************************************************************************
          TMS320C6x COFF Linker PC v5.1.0                      
******************************************************************************
>> Linked Thu Jul 19 08:57:40 2007

OUTPUT FILE NAME:   <./Debug/RTDX_MATLAB_sim.out>
ENTRY POINT SYMBOL: "_c_int00"  address: 80002cc0


MEMORY CONFIGURATION

                  name            origin    length      used    attr    fill
         ----------------------  --------  ---------  --------  ----  --------
         VECS                    00000000   00000200  00000200  RWIX
         PMEM                    00000200   0000fe00  0000000c  RWIX
         BMEM                    80000000   01000000  00006e90  RWIX


SECTION ALLOCATION MAP

 output                                  attributes/
section   page    origin      length       input sections
--------  ----  ----------  ----------   ----------------
.bss       0    80000000    00000000     UNINITIALIZED

.data      0    80000000    00000000     UNINITIALIZED

.text      0    80000000    00002e60     
                  80000000    000003c0     rts6700.lib : fputs.obj (.text:_fputs)
                  800003c0    000003a0                 : memory.obj (.text:_free)
                  80000760    00000260                 : setvbuf.obj (.text:_setvbuf)
                  800009c0    00000240                 : trgdrv.obj (.text:_HOSTrename)
                  80000c00    00000240                 : memcpy62.obj (.text:_memcpy)
                  80000e40    00000220                 : memory.obj (.text:_malloc)
                  80001060    000001e0     RTDX_MATLAB_sim.obj (.text)
                  80001240    000001c0     rts6700.lib : lowlev.obj (.text:_getdevice)
                  80001400    00000180                 : trgdrv.obj (.text:_HOSTlseek)
                  80001580    00000160                 : trgdrv.obj (.text:_HOSTopen)
                  800016e0    00000160                 : lowlev.obj (.text:_lseek)
                  80001840    00000160                 : lowlev.obj (.text:_write)
                  800019a0    00000160                 : fclose.obj (.text:_fclose)
                  80001b00    00000140                 : exit.obj (.text:_exit)
                  80001c40    00000140                 : autoinit.obj (.text:__auto_init)
                  80001d80    00000140                 : lowlev.obj (.text:_close)
                  80001ec0    00000120                 : _io_perm.obj (.text:__wrt_ok)
                  80001fe0    00000120                 : fseek.obj (.text:_fseek)
                  80002100    00000120                 : trgdrv.obj (.text:_HOSTread)
                  80002220    00000120                 : trgdrv.obj (.text:_HOSTunlink)
                  80002340    00000120                 : trgdrv.obj (.text:_HOSTwrite)
                  80002460    00000100                 : trgdrv.obj (.text:_HOSTclose)
                  80002560    00000100                 : fopen.obj (.text:__cleanup)
                  80002660    000000e0                 : memory.obj (.text:_minsert)
                  80002740    000000e0                 : memory.obj (.text:_mremove)
                  80002820    000000e0                 : fflush.obj (.text:__doflush)
                  80002900    000000e0                 : exit.obj (.text:_atexit)
                  800029e0    000000c0                 : lowlev.obj (.text:_finddevice)
                  80002aa0    000000c0                 : trgmsg.obj (.text:_writemsg)
                  80002b60    000000c0                 : trgmsg.obj (.text:_readmsg)
                  80002c20    000000a0                 : lowlev.obj (.text:_unlink)
                  80002cc0    00000080                 : boot.obj (.text:_c_int00)
                  80002d40    00000080                 : fputs.obj (.text:_puts)
                  80002dc0    00000040                 : args_main.obj (.text:__args_main)
                  80002e00    00000020                 : exit.obj (.text:_abort)
                  80002e20    00000020                 : remove.obj (.text:_remove)
                  80002e40    00000020                 : _lock.obj (.text:__nop)

.rtdx_text 
*          0    80002e60    000010a0     
                  80002e60    00000700     rtdx.lib : rtdx_mon.o62 (.rtdx_text)
                  80003560    00000580              : buffer1.o62 (.rtdx_text)
                  80003ae0    000002a0              : rtdx_usr1.o62 (.rtdx_text)
                  80003d80    00000140              : intrpt_stub.o62 (.rtdx_text)
                  80003ec0    00000040              : intr_tgt.o62 (.rtdx_text)

.stack     0    80003f00    00001000     UNINITIALIZED
                  80003f00    00000008     rts6700.lib : boot.obj (.stack)

.sysmem    0    80004f00    00001000     UNINITIALIZED
                  80004f00    00000008     rts6700.lib : memory.obj (.sysmem)

.far       0    80005f00    00000620     UNINITIALIZED
                  80005f00    00000374     rts6700.lib : defs.obj (.far)
                  80006274    0000011c                 : lowlev.obj (.far)
                  80006390    000000d0                 : trgdrv.obj (.far)
                  80006460    0000008c                 : exit.obj (.far)
                  800064ec    00000024     RTDX_MATLAB_sim.obj (.far)
                  80006510    00000008     rts6700.lib : memory.obj (.far)
                  80006518    00000008                 : _lock.obj (.far)

.rtdx_data 
*          0    80006520    00000444     UNINITIALIZED
                  80006520    00000408     rtdx.lib : rtdx_buf.o62 (.rtdx_data)
                  80006928    00000020              : buffer1.o62 (.rtdx_data)
                  80006948    0000001c              : rtdx_mon.o62 (.rtdx_data)

.cinit     0    80006968    00000394     
                  80006968    00000244     rts6700.lib : defs.obj (.cinit)
                  80006bac    00000004     --HOLE-- [fill = 0]
                  80006bb0    0000005c                 : lowlev.obj (.cinit)
                  80006c0c    00000004     --HOLE-- [fill = 0]
                  80006c10    00000032     RTDX_MATLAB_sim.obj (.cinit)
                  80006c42    00000006     --HOLE-- [fill = 0]
                  80006c48    0000002c     rts6700.lib : memory.obj (.cinit)
                  80006c74    00000004     --HOLE-- [fill = 0]
                  80006c78    0000002c                 : exit.obj (.cinit)
                  80006ca4    00000004     --HOLE-- [fill = 0]
                  80006ca8    0000001c     rtdx.lib : rtdx_buf.o62 (.cinit)
                  80006cc4    00000004     --HOLE-- [fill = 0]
                  80006cc8    0000001c     rts6700.lib : _lock.obj (.cinit)
                  80006ce4    00000004     --HOLE-- [fill = 0]
                  80006ce8    0000000c     rtdx.lib : buffer1.o62 (.cinit)
                  80006cf4    00000008     --HOLE-- [fill = 0]

.cio       0    80006cfc    00000120     UNINITIALIZED
                  80006cfc    00000120     rts6700.lib : trgmsg.obj (.cio)

.const     0    80006e1c    00000050     
                  80006e1c    0000004e     RTDX_MATLAB_sim.obj (.const)
                  80006e6a    00000002     rts6700.lib : fputs.obj (.const)

.switch    0    80006e6c    00000028     
                  80006e6c    00000028     rtdx.lib : rtdx_mon.o62 (.switch)

.intvecs   0    00000000    00000200     
                  00000000    00000200     intvecs.obj (.intvecs)

.pinit     0    00000200    0000000c     
                  00000200    00000004     rtdx.lib : rtdx_mon.o62 (.pinit)
                  00000204    00000004              : buffer1.o62 (.pinit)
                  00000208    00000004     --HOLE-- [fill = 0]


GLOBAL SYMBOLS: SORTED ALPHABETICALLY BY Name 

address    name
--------   ----
80000000   $bss
80000000   .bss
80000000   .data
80000000   .text
00000040   AINT_V
80002e00   C$$EXIT
80002b4c   C$$IO$$
00000140   INT10_V
00000160   INT11_V
00000180   INT12_V
000001a0   INT13_V
000001c0   INT14_V
000001e0   INT15_V
00000080   INT4_V
000000a0   INT5_V
000000c0   INT6_V
000000e0   INT7_V
00000100   INT8_V
00000120   INT9_V
00000060   MSGINT_V
00000020   NMI_V
00000000   RESET_V
00000001   RTDX_NORMALIZED_HDR
80003d80   RTEMU_exe
80003d80   RTEMU_msg
80002460   _HOSTclose
80001400   _HOSTlseek
80001580   _HOSTopen
80002100   _HOSTread
800009c0   _HOSTrename
80002220   _HOSTunlink
80002340   _HOSTwrite
00000000   _HWI_Cache_Control
80006520   _RTDX_Buffer
80006924   _RTDX_Buffer_End
80003560   _RTDX_Buffer_Initialize
80003a88   _RTDX_Buffer_Read
80006920   _RTDX_Buffer_Start
80003860   _RTDX_Buffer_Write
80002f08   _RTDX_Final_RT_Monitor
80003ae0   _RTDX_Init
80002e80   _RTDX_Init_RT_Monitor
80002f30   _RTDX_IsFlowEnabled
00000002   _RTDX_JTAGONLY
80003ec0   _RTDX_Mask_IER
800033f8   _RTDX_Mon_Queue
80003d54   _RTDX_OnReadIsDone
80002f44   _RTDX_Poll
80003b10   _RTDX_Quit
80003ed8   _RTDX_Set_IER
80003d64   _RTDX_channelBusy
80003b58   _RTDX_disableInput
80003b30   _RTDX_disableOutput
80003b40   _RTDX_enableInput
80003b20   _RTDX_enableOutput
ffffe7f7   _RTDX_interrupt_mask
80003bc4   _RTDX_read
80003ca0   _RTDX_readNB
80003d74   _RTDX_sizeofInput
80003b68   _RTDX_write
80006934   _RTDX_writing
80006cfc   __CIOBUF_
00001000   __STACK_SIZE
00001000   __SYSMEM_SIZE
ffffffff   ___binit__
80000000   ___bss__
ffffffff   ___c_args__
80006968   ___cinit__
80000000   ___data__
80000000   ___edata__
80000000   ___end__
80002e60   ___etext__
00000200   ___pinit__
80000000   ___text__
80002dc0   __args_main
80001c40   __auto_init
80002560   __cleanup
800064e4   __cleanup_ptr
80002820   __doflush
800064e8   __dtors_ptr
80006270   __ft_end
80005f00   __ftable
80003e20   __irest_tn
80006518   __lock
80002e40   __nop
80003f00   __stack
80004f00   __sys_memory
80006130   __tmpnams
8000651c   __unlock
UNDEFED __vectors
80001ec0   __wrt_ok
80002e00   _abort
80002900   _atexit
UNDEFED _auto_init
800064fc   _buffer
80002cc0   _c_int00
80001d80   _close
80001b00   _exit
800019a0   _fclose
80000000   _fputs
800003c0   _free
80001fe0   _fseek
800064ec   _ichan
800016e0   _lseek
80001060   _main
80000e40   _malloc
80000c00   _memcpy
800064f8   _ochan
80002d40   _puts
80002b60   _readmsg
80002e20   _remove
80006928   _rtdx_buffer_state
80006948   _rtdx_mon_state
80000760   _setvbuf
80002c20   _unlink
80001840   _write
80002aa0   _writemsg
ffffffff   binit
80006968   cinit
80000000   edata
80000000   end
80002e60   etext
00000200   pinit


GLOBAL SYMBOLS: SORTED BY Symbol Address 

address    name
--------   ----
00000000   RESET_V
00000000   _HWI_Cache_Control
00000001   RTDX_NORMALIZED_HDR
00000002   _RTDX_JTAGONLY
00000020   NMI_V
00000040   AINT_V
00000060   MSGINT_V
00000080   INT4_V
000000a0   INT5_V
000000c0   INT6_V
000000e0   INT7_V
00000100   INT8_V
00000120   INT9_V
00000140   INT10_V
00000160   INT11_V
00000180   INT12_V
000001a0   INT13_V
000001c0   INT14_V
000001e0   INT15_V
00000200   ___pinit__
00000200   pinit
00001000   __STACK_SIZE
00001000   __SYSMEM_SIZE
80000000   ___data__
80000000   $bss
80000000   .bss
80000000   ___bss__
80000000   end
80000000   edata
80000000   ___text__
80000000   _fputs
80000000   .data
80000000   ___edata__
80000000   ___end__
80000000   .text
800003c0   _free
80000760   _setvbuf
800009c0   _HOSTrename
80000c00   _memcpy
80000e40   _malloc
80001060   _main
80001400   _HOSTlseek
80001580   _HOSTopen
800016e0   _lseek
80001840   _write
800019a0   _fclose
80001b00   _exit
80001c40   __auto_init
80001d80   _close
80001ec0   __wrt_ok
80001fe0   _fseek
80002100   _HOSTread
80002220   _HOSTunlink
80002340   _HOSTwrite
80002460   _HOSTclose
80002560   __cleanup
80002820   __doflush
80002900   _atexit
80002aa0   _writemsg
80002b4c   C$$IO$$
80002b60   _readmsg
80002c20   _unlink
80002cc0   _c_int00
80002d40   _puts
80002dc0   __args_main
80002e00   _abort
80002e00   C$$EXIT
80002e20   _remove
80002e40   __nop
80002e60   etext
80002e60   ___etext__
80002e80   _RTDX_Init_RT_Monitor
80002f08   _RTDX_Final_RT_Monitor
80002f30   _RTDX_IsFlowEnabled
80002f44   _RTDX_Poll
800033f8   _RTDX_Mon_Queue
80003560   _RTDX_Buffer_Initialize
80003860   _RTDX_Buffer_Write
80003a88   _RTDX_Buffer_Read
80003ae0   _RTDX_Init
80003b10   _RTDX_Quit
80003b20   _RTDX_enableOutput
80003b30   _RTDX_disableOutput
80003b40   _RTDX_enableInput
80003b58   _RTDX_disableInput
80003b68   _RTDX_write
80003bc4   _RTDX_read
80003ca0   _RTDX_readNB
80003d54   _RTDX_OnReadIsDone
80003d64   _RTDX_channelBusy
80003d74   _RTDX_sizeofInput
80003d80   RTEMU_exe
80003d80   RTEMU_msg
80003e20   __irest_tn
80003ec0   _RTDX_Mask_IER
80003ed8   _RTDX_Set_IER
80003f00   __stack
80004f00   __sys_memory
80005f00   __ftable
80006130   __tmpnams
80006270   __ft_end
800064e4   __cleanup_ptr
800064e8   __dtors_ptr
800064ec   _ichan
800064f8   _ochan
800064fc   _buffer
80006518   __lock
8000651c   __unlock
80006520   _RTDX_Buffer
80006920   _RTDX_Buffer_Start
80006924   _RTDX_Buffer_End
80006928   _rtdx_buffer_state
80006934   _RTDX_writing
80006948   _rtdx_mon_state
80006968   ___cinit__
80006968   cinit
80006cfc   __CIOBUF_
ffffe7f7   _RTDX_interrupt_mask
ffffffff   ___binit__
ffffffff   ___c_args__
UNDEFED _auto_init
ffffffff   binit
UNDEFED __vectors

[123 symbols]
